#-----------------------------------------------------------
# Vivado v2018.2 (64-bit)
# SW Build 2258646 on Thu Jun 14 20:03:12 MDT 2018
# IP Build 2256618 on Thu Jun 14 22:10:49 MDT 2018
# Start of session at: Thu Mar 23 08:45:55 2023
# Process ID: 4268
# Current directory: D:/Academic/02. Computer Organization and Digital Design/Lab Work/Lab_4
# Command line: vivado.exe -gui_launcher_event rodinguilauncherevent4612 D:\Academic\02. Computer Organization and Digital Design\Lab Work\Lab_4\Lab_4.xpr
# Log file: D:/Academic/02. Computer Organization and Digital Design/Lab Work/Lab_4/vivado.log
# Journal file: D:/Academic/02. Computer Organization and Digital Design/Lab Work/Lab_4\vivado.jou
#-----------------------------------------------------------
start_gui
open_project {D:/Academic/02. Computer Organization and Digital Design/Lab Work/Lab_4/Lab_4.xpr}
update_compile_order -fileset sources_1
# Disabling source management mode.  This is to allow the top design properties to be set without GUI intervention.
set_property source_mgmt_mode None [current_project]
set_property top Mux_8_to_1 [current_fileset]
# Re-enabling previously disabled source management mode.
set_property source_mgmt_mode All [current_project]
update_compile_order -fileset sources_1
